[0;93m2026-08-30 21:29:19.599597233 [W:onnxruntime:, graph.cc:124 MergeShapeInfo] Error merging shape info for output. '/trunk/Concat_output_0' source:{4} target:{5}. Falling back to lenient merge.[m
SAM3 instances retained: 1
	Command being timed: "python -m samexporter.inference --sam_variant sam3 --encoder_model /tmp/samexporter_sam3/onnx/sam3_image_encoder.onnx --language_encoder_model /tmp/samexporter_sam3/onnx/sam3_language_encoder.onnx --decoder_model /tmp/samexporter_sam3/onnx/sam3_decoder.onnx --image images/truck.jpg --prompt images/truck_sam3_point.json --text_prompt truck --output visual_results/sam3/truck_point.png --providers cpu"
	User time (seconds): 134.12
	System time (seconds): 6.06
	Percent of CPU this job got: 623%
	Elapsed (wall clock) time (h:mm:ss or m:ss): 0:22.46
	Average shared text size (kbytes): 0
	Average unshared data size (kbytes): 0
	Average stack size (kbytes): 0
	Average total size (kbytes): 0
	Maximum resident set size (kbytes): 8889924
	Average resident set size (kbytes): 0
	Major (requiring I/O) page faults: 0
	Minor (reclaiming a frame) page faults: 3114933
	Voluntary context switches: 3445
	Involuntary context switches: 270814
	Swaps: 0
	File system inputs: 0
	File system outputs: 5792
	Socket messages sent: 0
	Socket messages received: 0
	Signals delivered: 0
	Page size (bytes): 4096
	Exit status: 0
